// Jest Snapshot v1, https://goo.gl/fbAQLP

exports[`output renders to the screen 1`] = `
<body>
  
  
  <div
    class="container"
  >
    
    
    <header
      class="header"
    >
      
      
      <img
        class="logo"
        role="presentation"
        src="img/easter-bunny.svg"
      />
      
      
      <h1
        class="banner"
      >
        Showbunny
      </h1>
      
      
      <img
        class="logo"
        role="presentation"
        src="img/easter-bunny.svg"
      />
      
    
    </header>
    
    
    <main>
      
      
      <section
        class="search-form-wrapper"
      >
        
        
        <form
          id="search-form"
          role="search"
        >
          
          
          <div
            class="search-container"
          >
            
            
            <input
              aria-label="search for media content"
              id="search-bar"
              name="bunny-search"
              placeholder="Search..."
              type="search"
            />
            
            
            <input
              checked=""
              id="movie-category"
              name="search-category"
              type="radio"
              value="movie"
            />
            
            
            <label
              for="movie-category"
            >
              <span>
                Movie
              </span>
            </label>
            
            
            <input
              id="tv-category"
              name="search-category"
              type="radio"
              value="tv"
            />
            
            
            <label
              for="tv-category"
            >
              <span>
                TV
              </span>
            </label>
            
          
          </div>
          
        
        </form>
        
      
      </section>
      
      
      <section
        class="search"
      >
        
        
        <ul
          id="search-results"
        />
        
        
        <div
          id="search-pagination"
        />
        
      
      </section>
      
      
      <div
        id="media-dialog"
      >
        
        
        <div
          id="media-content"
        >
          
          
          <div
            id="media-header"
          >
            
            
            <div
              class="close-btn"
            >
              
              
              <i
                class="fas fa-times"
                id="media-close"
              />
              
            
            </div>
            
            
            <img
              id="media-backdrop"
            />
            
          
          </div>
          
          
          <div
            id="media-text"
          >
            
            
            <div
              class="media-info"
            >
              
              
              <div
                class="title-status"
              >
                
                
                <div
                  class="title-container"
                >
                  
                  
                  <h2
                    id="media-title"
                  />
                  
                  
                  <span
                    id="media-rating"
                  />
                  
                
                </div>
                
                
                <div
                  id="media-status"
                >
                  Status?
                </div>
                
              
              </div>
              
            
            </div>
            
            
            <div
              id="media-genres"
            >
              
              
              <!-- &lt;h3 class="genre-header"&gt;Genres:&lt;/h3&gt; -->
              
              
              <ul
                class="genres"
              >
                
                
                <li
                  class="genre"
                />
                
              
              </ul>
              
            
            </div>
            
            
            <div
              id="media-details"
            >
              
              
              <h2>
                Info
              </h2>
              
              
              <p
                id="media-overview"
              />
              
            
            </div>
            
            
            <div
              id="media-stream"
            >
              
              
              <a
                class="stream-btn trailer-btn"
                id="trailer"
                rel="noopener"
                target="_blank"
              >
                
                
                <span>
                  Trailer!
                </span>
                
                
                <i
                  class="fas fa-play-circle"
                />
                
              
              </a>
              
              
              <button
                class="stream-btn"
                id="stream"
              >
                
                
                <span>
                  Stream Now!
                </span>
                
                
                <i
                  class="fas fa-play-circle"
                />
                
              
              </button>
              
            
            </div>
            
          
          </div>
          
        
        </div>
        
      
      </div>
      
      
      <section
        class="stream-container"
        id="stream-container"
      >
        
        
        <div
          class="close-btn close-btn-dark"
        >
          
          
          <i
            class="fas fa-times"
          />
          
        
        </div>
        
        
        <iframe
          allowfullscreen=""
          frameborder="0"
          id="stream-iframe"
          title="stream iframe"
        />
        
      
      </section>
      
    
    </main>
    
    
    <footer>
      
      
      <small>
        Showbunny Â©
      </small>
      
    
    </footer>
    
  
  </div>
  



</body>
`;
